// Jest Snapshot v1, https://goo.gl/fbAQLP

exports[`About component matches snapshot DOM node structure 1`] = `
<DocumentFragment>
  <section
    class="section"
  >
    <h1
      class="subheader"
      id="about"
    >
      About
    </h1>
    <article
      id="about-container"
    >
      <img
        alt="profile pic"
        id="profile-pic"
        src="profile-pic.jpg"
        style="width: 25%;"
      />
      <div
        id="about-text"
      >
        <h3>
          Edwin m. escobar
        </h3>
        <p>
          Full-stack web developer
        </p>
      </div>
    </article>
  </section>
</DocumentFragment>
`;
