// Jest Snapshot v1, https://goo.gl/fbAQLP

exports[`Nav component matches snapshot 1`] = `
<DocumentFragment>
  <header
    id="header"
  >
    <h1>
      Edwin m. escobar
    </h1>
    <p>
      <a
        data-testid="link"
        href="/"
      >
        The react portfolio
      </a>
       
      <span
        aria-label="camera"
        role="img"
      >
         📸
      </span>
       
    </p>
  </header>
  <nav
    id="navigation"
  >
    <ul>
      <li
        class="nav-link"
      >
        <a
          data-testid="about"
          href="#about"
        >
          About
        </a>
      </li>
      <li
        class="nav-link"
      >
        <span>
          Contact
        </span>
      </li>
      <li
        class="nav-link"
      >
        <span>
          Solo work
        </span>
      </li>
      <li
        class="nav-link"
      >
        <span>
          Collaborations
        </span>
      </li>
      <li
        class="nav-link"
      >
        <a
          href="."
        >
          Resume
        </a>
      </li>
    </ul>
  </nav>
</DocumentFragment>
`;
